Last login: Sat Nov  2 11:48:49 on ttys000
You have new mail.

The default interactive shell is now zsh.
To update your account to use zsh, please run `chsh -s /bin/zsh`.
For more details, please visit https://support.apple.com/kb/HT208050.
vbarsott@VanessaMac:/Applications/MAMP/htdocs/JS_Project$ git init
Initialized empty Git repository in /Applications/MAMP/htdocs/JS_Project/.git/
vbarsott@VanessaMac:/Applications/MAMP/htdocs/JS_Project$ git add .
vbarsott@VanessaMac:/Applications/MAMP/htdocs/JS_Project$ git commit -m "Initial Commit"
[master (root-commit) 03c7780] Initial Commit
 23 files changed, 1805 insertions(+)
 create mode 100644 content-main.html
 create mode 100644 css/bootstrap.min.css
 create mode 100644 css/main.css
 create mode 100644 css/reset.css
 create mode 100644 example.html
 create mode 100644 example1.html
 create mode 100644 footer.html
 create mode 100644 header.html
 create mode 100644 img/gilfoyle-big-devil.png
 create mode 100644 img/gilfoyle-big-smile.jpg
 create mode 100644 img/gilfoyle-big-smile.png
 create mode 100644 img/gilfoyle-devil.png
 create mode 100644 img/gilfoyle-smile.png
 create mode 100644 img/gilfoyle.png
 create mode 100644 index.html
 create mode 100644 mockup/gilfoyle.afphoto
 create mode 100644 old/gilfoyle.html
 create mode 100644 old/index.html
 create mode 100644 old/index1.html
 create mode 100644 old/js_skills.html
 create mode 100644 old/script.js
 create mode 100644 old/style.css
 create mode 100644 old/style1.css
vbarsott@VanessaMac:/Applications/MAMP/htdocs/JS_Project$ git status
On branch master
nothing to commit, working tree clean
vbarsott@VanessaMac:/Applications/MAMP/htdocs/JS_Project$ git status
On branch master
nothing to commit, working tree clean
vbarsott@VanessaMac:/Applications/MAMP/htdocs/JS_Project$ git remote add origin https://github.com/vbarsott/JSVB.git
vbarsott@VanessaMac:/Applications/MAMP/htdocs/JS_Project$ git remote -v
origin	https://github.com/vbarsott/JSVB.git (fetch)
origin	https://github.com/vbarsott/JSVB.git (push)
vbarsott@VanessaMac:/Applications/MAMP/htdocs/JS_Project$ git push -u origin master
Counting objects: 28, done.
Delta compression using up to 4 threads.
Compressing objects: 100% (27/27), done.
Writing objects: 100% (28/28), 6.35 MiB | 1.39 MiB/s, done.
Total 28 (delta 7), reused 0 (delta 0)
remote: Resolving deltas: 100% (7/7), done.
To https://github.com/vbarsott/JSVB.git
 * [new branch]      master -> master
Branch master set up to track remote branch master from origin.
vbarsott@VanessaMac:/Applications/MAMP/htdocs/JS_Project$ git status
On branch master
Your branch is up-to-date with 'origin/master'.
nothing to commit, working tree clean
vbarsott@VanessaMac:/Applications/MAMP/htdocs/JS_Project$ 
